node : node:internal/modules/cjs/loader:1368
At line:1 char:1
+ node test_controller.js > test_output.txt 2>&1
+ ~~~~~~~~~~~~~~~~~~~~~~~~~~~~~~~~~~~~~~~~~~~~~~
    + CategoryInfo              : NotSpecified: (node:in    ternal/modules/cjs/loade    r:1368:String) [], Remot    eException
    + FullyQualifiedErrorId     : NativeCommandError
 
  throw err;
  ^

Error: Cannot find module 'D:\BOOKMYEVENTLATEST\book_my_events-backend-V211 latest\test_controller.js'
    at Function._resolveFilename (node:internal/modules/cjs/loader:1365:15)
    at defaultResolveImpl (node:internal/modules/cjs/loader:1021:19)
    at resolveForCJSWithHooks (node:internal/modules/cjs/loader:1026:22)
    at Function._load (node:internal/modules/cjs/loader:1175:37)
    at TracingChannel.traceSync (node:diagnostics_channel:322:14)
    at wrapModuleLoad (node:internal/modules/cjs/loader:235:24)
    at Function.executeUserEntryPoint [as runMain] (node:internal/modules/run_main:171:5)
    at node:internal/main/run_main_module:36:49 {
  code: 'MODULE_NOT_FOUND',
  requireStack: []
}

Node.js v22.18.0
